Sat Oct 10 15:35:04 UTC 2026
   112.6s  primary_gain_N200/seed09_p0.40_summary.csv
   115.1s  primary_gain_N200/seed08_p0.40_summary.csv
   117.8s  primary_gain_N200/seed11_p0.40_summary.csv
   120.6s  primary_gain_N200/seed10_p0.40_summary.csv
   146.0s  primary_gain_N200/seed12_p0.40_summary.csv
   147.3s  primary_gain_N200/seed13_p0.40_summary.csv
   146.9s  primary_gain_N200/seed14_p0.40_summary.csv
   152.7s  primary_gain_N200/seed15_p0.40_summary.csv
    77.9s  control_gain_N200/seed08_p0.40_summary.csv
    72.9s  control_gain_N200/seed10_p0.40_summary.csv
    79.3s  control_gain_N200/seed09_p0.40_summary.csv
    76.1s  control_gain_N200/seed11_p0.40_summary.csv
    68.1s  control_gain_N200/seed13_p0.40_summary.csv
    69.9s  control_gain_N200/seed12_p0.40_summary.csv
    71.5s  control_gain_N200/seed14_p0.40_summary.csv
    66.5s  control_gain_N200/seed15_p0.40_summary.csv
    65.0s  primary_gain_N200/seed08_p0.20_summary.csv
    66.9s  primary_gain_N200/seed09_p0.20_summary.csv
    64.0s  primary_gain_N200/seed10_p0.20_summary.csv
    66.3s  primary_gain_N200/seed11_p0.20_summary.csv
    63.7s  primary_gain_N200/seed12_p0.20_summary.csv
    64.4s  primary_gain_N200/seed13_p0.20_summary.csv
    65.3s  primary_gain_N200/seed14_p0.20_summary.csv
    65.0s  primary_gain_N200/seed15_p0.20_summary.csv
    47.4s  control_gain_N200/seed08_p0.20_summary.csv
    47.5s  control_gain_N200/seed09_p0.20_summary.csv
    48.3s  control_gain_N200/seed10_p0.20_summary.csv
    49.4s  control_gain_N200/seed11_p0.20_summary.csv
    45.4s  control_gain_N200/seed12_p0.20_summary.csv
    45.5s  control_gain_N200/seed13_p0.20_summary.csv
    45.5s  control_gain_N200/seed14_p0.20_summary.csv
    45.1s  control_gain_N200/seed15_p0.20_summary.csv
    53.1s  primary_gain_N200/seed08_p0.10_summary.csv
    54.4s  primary_gain_N200/seed09_p0.10_summary.csv
    53.4s  primary_gain_N200/seed10_p0.10_summary.csv
    51.3s  primary_gain_N200/seed11_p0.10_summary.csv
    52.5s  primary_gain_N200/seed12_p0.10_summary.csv
    52.8s  primary_gain_N200/seed13_p0.10_summary.csv
    52.1s  primary_gain_N200/seed14_p0.10_summary.csv
    52.2s  primary_gain_N200/seed15_p0.10_summary.csv
    45.8s  control_gain_N200/seed08_p0.10_summary.csv
    47.6s  control_gain_N200/seed09_p0.10_summary.csv
    48.3s  control_gain_N200/seed10_p0.10_summary.csv
    48.0s  control_gain_N200/seed11_p0.10_summary.csv
    46.3s  control_gain_N200/seed12_p0.10_summary.csv
    48.0s  control_gain_N200/seed13_p0.10_summary.csv
    44.1s  control_gain_N200/seed14_p0.10_summary.csv
    46.3s  control_gain_N200/seed15_p0.10_summary.csv
    45.3s  primary_gain_N200/seed08_p0.05_summary.csv
    44.4s  primary_gain_N200/seed09_p0.05_summary.csv
    44.0s  primary_gain_N200/seed10_p0.05_summary.csv
    46.1s  primary_gain_N200/seed11_p0.05_summary.csv
    44.6s  primary_gain_N200/seed12_p0.05_summary.csv
    43.4s  primary_gain_N200/seed13_p0.05_summary.csv
    44.6s  primary_gain_N200/seed14_p0.05_summary.csv
    44.4s  primary_gain_N200/seed15_p0.05_summary.csv
    45.0s  control_gain_N200/seed08_p0.05_summary.csv
    44.7s  control_gain_N200/seed09_p0.05_summary.csv
    43.5s  control_gain_N200/seed10_p0.05_summary.csv
    44.2s  control_gain_N200/seed11_p0.05_summary.csv
    43.8s  control_gain_N200/seed12_p0.05_summary.csv
    44.3s  control_gain_N200/seed13_p0.05_summary.csv
    44.4s  control_gain_N200/seed14_p0.05_summary.csv
    43.1s  control_gain_N200/seed15_p0.05_summary.csv
64 tasks finished in 1017.7s wall
Sat Oct 10 15:52:02 UTC 2026
